// Vitest Snapshot v1, https://vitest.dev/guide/snapshot.html

exports[`VueTestOne > snapshot UI testing 1`] = `"Go To TwoNewCodeNameCategoryQuantityActions No Data Found. Â 50 to 0 of 0"`;
