// Vitest Snapshot v1, https://vitest.dev/guide/snapshot.html

exports[`VueTestOne > snapshot UI testing 1`] = `"Go To Two"`;
